
Merging program properties


As-needed library included to satisfy reference by file (symbol)

libm.so.6                     src/data.o (pow@@GLIBC_2.29)
libc.so.6                     src/main.o (puts@@GLIBC_2.2.5)

Discarded input sections

 .note.GNU-stack
                0x0000000000000000        0x0 /usr/lib/gcc/x86_64-linux-gnu/12/../../../x86_64-linux-gnu/Scrt1.o
 .note.gnu.property
                0x0000000000000000       0x20 /usr/lib/gcc/x86_64-linux-gnu/12/../../../x86_64-linux-gnu/crti.o
 .note.GNU-stack
                0x0000000000000000        0x0 /usr/lib/gcc/x86_64-linux-gnu/12/../../../x86_64-linux-gnu/crti.o
 .note.GNU-stack
                0x0000000000000000        0x0 /usr/lib/gcc/x86_64-linux-gnu/12/crtbeginS.o
 .note.gnu.property
                0x0000000000000000       0x20 /usr/lib/gcc/x86_64-linux-gnu/12/crtbeginS.o
 .note.GNU-stack
                0x0000000000000000        0x0 src/main.o
 .note.gnu.property
                0x0000000000000000       0x20 src/main.o
 .note.GNU-stack
                0x0000000000000000        0x0 src/memory.o
 .note.gnu.property
                0x0000000000000000       0x20 src/memory.o
 .note.GNU-stack
                0x0000000000000000        0x0 src/data.o
 .note.gnu.property
                0x0000000000000000       0x20 src/data.o
 .note.GNU-stack
                0x0000000000000000        0x0 src/stats.o
 .note.gnu.property
                0x0000000000000000       0x20 src/stats.o
 .note.GNU-stack
                0x0000000000000000        0x0 src/course1.o
 .note.gnu.property
                0x0000000000000000       0x20 src/course1.o
 .note.GNU-stack
                0x0000000000000000        0x0 /usr/lib/gcc/x86_64-linux-gnu/12/crtendS.o
 .note.gnu.property
                0x0000000000000000       0x20 /usr/lib/gcc/x86_64-linux-gnu/12/crtendS.o
 .note.gnu.property
                0x0000000000000000       0x20 /usr/lib/gcc/x86_64-linux-gnu/12/../../../x86_64-linux-gnu/crtn.o
 .note.GNU-stack
                0x0000000000000000        0x0 /usr/lib/gcc/x86_64-linux-gnu/12/../../../x86_64-linux-gnu/crtn.o

Memory Configuration

Name             Origin             Length             Attributes
*default*        0x0000000000000000 0xffffffffffffffff

Linker script and memory map

LOAD /usr/lib/gcc/x86_64-linux-gnu/12/../../../x86_64-linux-gnu/Scrt1.o
LOAD /usr/lib/gcc/x86_64-linux-gnu/12/../../../x86_64-linux-gnu/crti.o
LOAD /usr/lib/gcc/x86_64-linux-gnu/12/crtbeginS.o
LOAD src/main.o
LOAD src/memory.o
LOAD src/data.o
LOAD src/stats.o
LOAD src/course1.o
LOAD /usr/lib/gcc/x86_64-linux-gnu/12/../../../x86_64-linux-gnu/libm.so
START GROUP
LOAD /lib/x86_64-linux-gnu/libm.so.6
LOAD /lib/x86_64-linux-gnu/libmvec.so.1
END GROUP
LOAD /usr/lib/gcc/x86_64-linux-gnu/12/libgcc.a
LOAD /usr/lib/gcc/x86_64-linux-gnu/12/libgcc_s.so
START GROUP
LOAD /usr/lib/gcc/x86_64-linux-gnu/12/../../../x86_64-linux-gnu/libgcc_s.so.1
LOAD /usr/lib/gcc/x86_64-linux-gnu/12/libgcc.a
END GROUP
LOAD /usr/lib/gcc/x86_64-linux-gnu/12/../../../x86_64-linux-gnu/libc.so
START GROUP
LOAD /lib/x86_64-linux-gnu/libc.so.6
LOAD /usr/lib/x86_64-linux-gnu/libc_nonshared.a
LOAD /lib64/ld-linux-x86-64.so.2
END GROUP
LOAD /usr/lib/gcc/x86_64-linux-gnu/12/libgcc.a
LOAD /usr/lib/gcc/x86_64-linux-gnu/12/libgcc_s.so
START GROUP
LOAD /usr/lib/gcc/x86_64-linux-gnu/12/../../../x86_64-linux-gnu/libgcc_s.so.1
LOAD /usr/lib/gcc/x86_64-linux-gnu/12/libgcc.a
END GROUP
LOAD /usr/lib/gcc/x86_64-linux-gnu/12/crtendS.o
LOAD /usr/lib/gcc/x86_64-linux-gnu/12/../../../x86_64-linux-gnu/crtn.o
                [!provide]                        PROVIDE (__executable_start = SEGMENT_START ("text-segment", 0x0))
                0x0000000000000318                . = (SEGMENT_START ("text-segment", 0x0) + SIZEOF_HEADERS)

.interp         0x0000000000000318       0x1c
 *(.interp)
 .interp        0x0000000000000318       0x1c /usr/lib/gcc/x86_64-linux-gnu/12/../../../x86_64-linux-gnu/Scrt1.o

.note.gnu.property
                0x0000000000000338       0x30
 .note.gnu.property
                0x0000000000000338       0x30 /usr/lib/gcc/x86_64-linux-gnu/12/../../../x86_64-linux-gnu/Scrt1.o

.note.gnu.build-id
                0x0000000000000368       0x24
 *(.note.gnu.build-id)
 .note.gnu.build-id
                0x0000000000000368       0x24 /usr/lib/gcc/x86_64-linux-gnu/12/../../../x86_64-linux-gnu/Scrt1.o

.note.ABI-tag   0x000000000000038c       0x20
 .note.ABI-tag  0x000000000000038c       0x20 /usr/lib/gcc/x86_64-linux-gnu/12/../../../x86_64-linux-gnu/Scrt1.o

.hash
 *(.hash)

.gnu.hash       0x00000000000003b0       0x24
 *(.gnu.hash)
 .gnu.hash      0x00000000000003b0       0x24 /usr/lib/gcc/x86_64-linux-gnu/12/../../../x86_64-linux-gnu/Scrt1.o

.dynsym         0x00000000000003d8      0x138
 *(.dynsym)
 .dynsym        0x00000000000003d8      0x138 /usr/lib/gcc/x86_64-linux-gnu/12/../../../x86_64-linux-gnu/Scrt1.o

.dynstr         0x0000000000000510       0xdc
 *(.dynstr)
 .dynstr        0x0000000000000510       0xdc /usr/lib/gcc/x86_64-linux-gnu/12/../../../x86_64-linux-gnu/Scrt1.o

.gnu.version    0x00000000000005ec       0x1a
 *(.gnu.version)
 .gnu.version   0x00000000000005ec       0x1a /usr/lib/gcc/x86_64-linux-gnu/12/../../../x86_64-linux-gnu/Scrt1.o

.gnu.version_d  0x0000000000000608        0x0
 *(.gnu.version_d)
 .gnu.version_d
                0x0000000000000608        0x0 /usr/lib/gcc/x86_64-linux-gnu/12/../../../x86_64-linux-gnu/Scrt1.o

.gnu.version_r  0x0000000000000608       0x60
 *(.gnu.version_r)
 .gnu.version_r
                0x0000000000000608       0x60 /usr/lib/gcc/x86_64-linux-gnu/12/../../../x86_64-linux-gnu/Scrt1.o

.rela.dyn       0x0000000000000668       0xc0
 *(.rela.init)
 *(.rela.text .rela.text.* .rela.gnu.linkonce.t.*)
 *(.rela.fini)
 *(.rela.rodata .rela.rodata.* .rela.gnu.linkonce.r.*)
 *(.rela.data .rela.data.* .rela.gnu.linkonce.d.*)
 .rela.data.rel.ro
                0x0000000000000668        0x0 /usr/lib/gcc/x86_64-linux-gnu/12/../../../x86_64-linux-gnu/Scrt1.o
 .rela.data.rel.local
                0x0000000000000668       0x18 /usr/lib/gcc/x86_64-linux-gnu/12/../../../x86_64-linux-gnu/Scrt1.o
 *(.rela.tdata .rela.tdata.* .rela.gnu.linkonce.td.*)
 *(.rela.tbss .rela.tbss.* .rela.gnu.linkonce.tb.*)
 *(.rela.ctors)
 *(.rela.dtors)
 *(.rela.got)
 .rela.got      0x0000000000000680       0x78 /usr/lib/gcc/x86_64-linux-gnu/12/../../../x86_64-linux-gnu/Scrt1.o
 *(.rela.bss .rela.bss.* .rela.gnu.linkonce.b.*)
 .rela.bss      0x00000000000006f8        0x0 /usr/lib/gcc/x86_64-linux-gnu/12/../../../x86_64-linux-gnu/Scrt1.o
 *(.rela.ldata .rela.ldata.* .rela.gnu.linkonce.l.*)
 *(.rela.lbss .rela.lbss.* .rela.gnu.linkonce.lb.*)
 *(.rela.lrodata .rela.lrodata.* .rela.gnu.linkonce.lr.*)
 *(.rela.ifunc)
 .rela.ifunc    0x00000000000006f8        0x0 /usr/lib/gcc/x86_64-linux-gnu/12/../../../x86_64-linux-gnu/Scrt1.o
 .rela.fini_array
                0x00000000000006f8       0x18 /usr/lib/gcc/x86_64-linux-gnu/12/../../../x86_64-linux-gnu/Scrt1.o
 .rela.init_array
                0x0000000000000710       0x18 /usr/lib/gcc/x86_64-linux-gnu/12/../../../x86_64-linux-gnu/Scrt1.o

.rela.plt       0x0000000000000728       0xa8
 *(.rela.plt)
 .rela.plt      0x0000000000000728       0xa8 /usr/lib/gcc/x86_64-linux-gnu/12/../../../x86_64-linux-gnu/Scrt1.o
 *(.rela.iplt)

.relr.dyn
 *(.relr.dyn)
                0x0000000000001000                . = ALIGN (CONSTANT (MAXPAGESIZE))

.init           0x0000000000001000       0x1b
 *(SORT_NONE(.init))
 .init          0x0000000000001000       0x16 /usr/lib/gcc/x86_64-linux-gnu/12/../../../x86_64-linux-gnu/crti.o
                0x0000000000001000                _init
 .init          0x0000000000001016        0x5 /usr/lib/gcc/x86_64-linux-gnu/12/../../../x86_64-linux-gnu/crtn.o

.plt            0x0000000000001020       0x80
 *(.plt)
 .plt           0x0000000000001020       0x80 /usr/lib/gcc/x86_64-linux-gnu/12/../../../x86_64-linux-gnu/Scrt1.o
 *(.iplt)

.plt.got        0x00000000000010a0       0x10
 *(.plt.got)
 .plt.got       0x00000000000010a0       0x10 /usr/lib/gcc/x86_64-linux-gnu/12/../../../x86_64-linux-gnu/Scrt1.o
                0x00000000000010a0                __cxa_finalize@@GLIBC_2.2.5

.plt.sec        0x00000000000010b0       0x70
 *(.plt.sec)
 .plt.sec       0x00000000000010b0       0x70 /usr/lib/gcc/x86_64-linux-gnu/12/../../../x86_64-linux-gnu/Scrt1.o
                0x00000000000010b0                free@@GLIBC_2.2.5
                0x00000000000010c0                putchar@@GLIBC_2.2.5
                0x00000000000010d0                puts@@GLIBC_2.2.5
                0x00000000000010e0                pow@@GLIBC_2.29
                0x00000000000010f0                __stack_chk_fail@@GLIBC_2.4
                0x0000000000001100                printf@@GLIBC_2.2.5
                0x0000000000001110                malloc@@GLIBC_2.2.5

.text           0x0000000000001120     0x1390
 *(.text.unlikely .text.*_unlikely .text.unlikely.*)
 *(.text.exit .text.exit.*)
 *(.text.startup .text.startup.*)
 *(.text.hot .text.hot.*)
 *(SORT_BY_NAME(.text.sorted.*))
 *(.text .stub .text.* .gnu.linkonce.t.*)
 .text          0x0000000000001120       0x26 /usr/lib/gcc/x86_64-linux-gnu/12/../../../x86_64-linux-gnu/Scrt1.o
                0x0000000000001120                _start
 .text          0x0000000000001146        0x0 /usr/lib/gcc/x86_64-linux-gnu/12/../../../x86_64-linux-gnu/crti.o
 *fill*         0x0000000000001146        0xa 
 .text          0x0000000000001150       0xb9 /usr/lib/gcc/x86_64-linux-gnu/12/crtbeginS.o
 .text          0x0000000000001209       0x23 src/main.o
                0x0000000000001209                main
 .text          0x000000000000122c      0x40e src/memory.o
                0x000000000000122c                set_value
                0x0000000000001253                clear_value
                0x000000000000127f                get_value
                0x000000000000129d                set_all
                0x00000000000012e3                clear_all
                0x000000000000130d                my_memmove
                0x0000000000001455                my_memcopy
                0x00000000000014ae                my_memset
                0x00000000000014f8                my_memzero
                0x0000000000001526                my_reverse
                0x00000000000015f1                reserve_words
                0x000000000000161b                free_words
 .text          0x000000000000163a      0x30e src/data.o
                0x000000000000163a                my_itoa
                0x0000000000001839                my_atoi
 .text          0x0000000000001948      0x2c1 src/stats.o
                0x0000000000001948                print_statistics
                0x0000000000001a29                print_array
                0x0000000000001a8d                sort_array
                0x0000000000001b36                find_median
                0x0000000000001b5b                find_maximum
                0x0000000000001b8b                find_mean
                0x0000000000001bd5                find_minimum
 .text          0x0000000000001c09      0x8a7 src/course1.o
                0x0000000000001c09                test_data1
                0x0000000000001c9c                test_data2
                0x0000000000001d2f                test_memmove1
                0x0000000000001e25                test_memmove2
                0x0000000000001f1b                test_memmove3
                0x0000000000002016                test_memcopy
                0x000000000000210c                test_memset
                0x0000000000002239                test_reverse
                0x0000000000002374                course1
 .text          0x00000000000024b0        0x0 /usr/lib/gcc/x86_64-linux-gnu/12/crtendS.o
 .text          0x00000000000024b0        0x0 /usr/lib/gcc/x86_64-linux-gnu/12/../../../x86_64-linux-gnu/crtn.o
 *(.gnu.warning)

.fini           0x00000000000024b0        0xd
 *(SORT_NONE(.fini))
 .fini          0x00000000000024b0        0x8 /usr/lib/gcc/x86_64-linux-gnu/12/../../../x86_64-linux-gnu/crti.o
                0x00000000000024b0                _fini
 .fini          0x00000000000024b8        0x5 /usr/lib/gcc/x86_64-linux-gnu/12/../../../x86_64-linux-gnu/crtn.o
                [!provide]                        PROVIDE (__etext = .)
                [!provide]                        PROVIDE (_etext = .)
                [!provide]                        PROVIDE (etext = .)
                0x0000000000003000                . = ALIGN (CONSTANT (MAXPAGESIZE))
                0x0000000000003000                . = SEGMENT_START ("rodata-segment", (ALIGN (CONSTANT (MAXPAGESIZE)) + (. & (CONSTANT (MAXPAGESIZE) - 0x1))))

.rodata         0x0000000000003000      0x1dd
 *(.rodata .rodata.* .gnu.linkonce.r.*)
 .rodata.cst4   0x0000000000003000        0x4 /usr/lib/gcc/x86_64-linux-gnu/12/../../../x86_64-linux-gnu/Scrt1.o
                0x0000000000003000                _IO_stdin_used
 .rodata        0x0000000000003004       0x12 src/main.o
 *fill*         0x0000000000003016        0x2 
 .rodata        0x0000000000003018       0x2f src/memory.o
 .rodata        0x0000000000003047       0x5a src/stats.o
 *fill*         0x00000000000030a1        0x7 
 .rodata        0x00000000000030a8      0x135 src/course1.o

.rodata1
 *(.rodata1)

.eh_frame_hdr   0x00000000000031e0      0x124
 *(.eh_frame_hdr)
 .eh_frame_hdr  0x00000000000031e0      0x124 /usr/lib/gcc/x86_64-linux-gnu/12/../../../x86_64-linux-gnu/Scrt1.o
                0x00000000000031e0                __GNU_EH_FRAME_HDR
 *(.eh_frame_entry .eh_frame_entry.*)

.eh_frame       0x0000000000003308      0x47c
 *(.eh_frame)
 .eh_frame      0x0000000000003308       0x30 /usr/lib/gcc/x86_64-linux-gnu/12/../../../x86_64-linux-gnu/Scrt1.o
                                         0x2c (size before relaxing)
 *fill*         0x0000000000003338        0x0 
 .eh_frame      0x0000000000003338       0x28 /usr/lib/gcc/x86_64-linux-gnu/12/../../../x86_64-linux-gnu/Scrt1.o
                                         0x40 (size before relaxing)
 .eh_frame      0x0000000000003360       0x18 /usr/lib/gcc/x86_64-linux-gnu/12/../../../x86_64-linux-gnu/Scrt1.o
                                         0x30 (size before relaxing)
 .eh_frame      0x0000000000003378       0x18 /usr/lib/gcc/x86_64-linux-gnu/12/../../../x86_64-linux-gnu/Scrt1.o
                                         0x30 (size before relaxing)
 .eh_frame      0x0000000000003390       0x20 src/main.o
                                         0x38 (size before relaxing)
 .eh_frame      0x00000000000033b0      0x188 src/memory.o
                                        0x1a0 (size before relaxing)
 .eh_frame      0x0000000000003538       0x48 src/data.o
                                         0x60 (size before relaxing)
 .eh_frame      0x0000000000003580       0xe0 src/stats.o
                                         0xf8 (size before relaxing)
 .eh_frame      0x0000000000003660      0x120 src/course1.o
                                        0x138 (size before relaxing)
 .eh_frame      0x0000000000003780        0x4 /usr/lib/gcc/x86_64-linux-gnu/12/crtendS.o
 *(.eh_frame.*)

.gcc_except_table
 *(.gcc_except_table .gcc_except_table.*)

.gnu_extab
 *(.gnu_extab*)

.exception_ranges
 *(.exception_ranges*)
                0x0000000000004d78                . = DATA_SEGMENT_ALIGN (CONSTANT (MAXPAGESIZE), CONSTANT (COMMONPAGESIZE))

.eh_frame
 *(.eh_frame)
 *(.eh_frame.*)

.gnu_extab
 *(.gnu_extab)

.gcc_except_table
 *(.gcc_except_table .gcc_except_table.*)

.exception_ranges
 *(.exception_ranges*)

.tdata          0x0000000000004d78        0x0
                [!provide]                        PROVIDE (__tdata_start = .)
 *(.tdata .tdata.* .gnu.linkonce.td.*)

.tbss
 *(.tbss .tbss.* .gnu.linkonce.tb.*)
 *(.tcommon)

.preinit_array  0x0000000000004d78        0x0
                [!provide]                        PROVIDE (__preinit_array_start = .)
 *(.preinit_array)
                [!provide]                        PROVIDE (__preinit_array_end = .)

.init_array     0x0000000000004d78        0x8
                [!provide]                        PROVIDE (__init_array_start = .)
 *(SORT_BY_INIT_PRIORITY(.init_array.*) SORT_BY_INIT_PRIORITY(.ctors.*))
 *(.init_array EXCLUDE_FILE(*crtend?.o *crtend.o *crtbegin?.o *crtbegin.o) .ctors)
 .init_array    0x0000000000004d78        0x8 /usr/lib/gcc/x86_64-linux-gnu/12/crtbeginS.o
                [!provide]                        PROVIDE (__init_array_end = .)

.fini_array     0x0000000000004d80        0x8
                [!provide]                        PROVIDE (__fini_array_start = .)
 *(SORT_BY_INIT_PRIORITY(.fini_array.*) SORT_BY_INIT_PRIORITY(.dtors.*))
 *(.fini_array EXCLUDE_FILE(*crtend?.o *crtend.o *crtbegin?.o *crtbegin.o) .dtors)
 .fini_array    0x0000000000004d80        0x8 /usr/lib/gcc/x86_64-linux-gnu/12/crtbeginS.o
                [!provide]                        PROVIDE (__fini_array_end = .)

.ctors
 *crtbegin.o(.ctors)
 *crtbegin?.o(.ctors)
 *(EXCLUDE_FILE(*crtend?.o *crtend.o) .ctors)
 *(SORT_BY_NAME(.ctors.*))
 *(.ctors)

.dtors
 *crtbegin.o(.dtors)
 *crtbegin?.o(.dtors)
 *(EXCLUDE_FILE(*crtend?.o *crtend.o) .dtors)
 *(SORT_BY_NAME(.dtors.*))
 *(.dtors)

.jcr
 *(.jcr)

.data.rel.ro    0x0000000000004d88        0x0
 *(.data.rel.ro.local* .gnu.linkonce.d.rel.ro.local.*)
 *(.data.rel.ro .data.rel.ro.* .gnu.linkonce.d.rel.ro.*)
 .data.rel.ro   0x0000000000004d88        0x0 /usr/lib/gcc/x86_64-linux-gnu/12/../../../x86_64-linux-gnu/Scrt1.o

.dynamic        0x0000000000004d88      0x200
 *(.dynamic)
 .dynamic       0x0000000000004d88      0x200 /usr/lib/gcc/x86_64-linux-gnu/12/../../../x86_64-linux-gnu/Scrt1.o
                0x0000000000004d88                _DYNAMIC

.got            0x0000000000004f88       0x78
 *(.got.plt)
 .got.plt       0x0000000000004f88       0x50 /usr/lib/gcc/x86_64-linux-gnu/12/../../../x86_64-linux-gnu/Scrt1.o
                0x0000000000004f88                _GLOBAL_OFFSET_TABLE_
 *(.igot.plt)
 *(.got)
 .got           0x0000000000004fd8       0x28 /usr/lib/gcc/x86_64-linux-gnu/12/../../../x86_64-linux-gnu/Scrt1.o
 *(.igot)
                0x0000000000005000                . = DATA_SEGMENT_RELRO_END (., 0x0)

.data           0x0000000000005000       0x10
 *(.data .data.* .gnu.linkonce.d.*)
 .data          0x0000000000005000        0x4 /usr/lib/gcc/x86_64-linux-gnu/12/../../../x86_64-linux-gnu/Scrt1.o
                0x0000000000005000                data_start
                0x0000000000005000                __data_start
 .data          0x0000000000005004        0x0 /usr/lib/gcc/x86_64-linux-gnu/12/../../../x86_64-linux-gnu/crti.o
 .data          0x0000000000005004        0x0 /usr/lib/gcc/x86_64-linux-gnu/12/crtbeginS.o
 *fill*         0x0000000000005004        0x4 
 .data.rel.local
                0x0000000000005008        0x8 /usr/lib/gcc/x86_64-linux-gnu/12/crtbeginS.o
                0x0000000000005008                __dso_handle
 .data          0x0000000000005010        0x0 src/main.o
 .data          0x0000000000005010        0x0 src/memory.o
 .data          0x0000000000005010        0x0 src/data.o
 .data          0x0000000000005010        0x0 src/stats.o
 .data          0x0000000000005010        0x0 src/course1.o
 .data          0x0000000000005010        0x0 /usr/lib/gcc/x86_64-linux-gnu/12/crtendS.o
 .data          0x0000000000005010        0x0 /usr/lib/gcc/x86_64-linux-gnu/12/../../../x86_64-linux-gnu/crtn.o

.tm_clone_table
                0x0000000000005010        0x0
 .tm_clone_table
                0x0000000000005010        0x0 /usr/lib/gcc/x86_64-linux-gnu/12/crtbeginS.o
 .tm_clone_table
                0x0000000000005010        0x0 /usr/lib/gcc/x86_64-linux-gnu/12/crtendS.o

.data1
 *(.data1)
                0x0000000000005010                _edata = .
                [!provide]                        PROVIDE (edata = .)
                0x0000000000005010                . = .
                0x0000000000005010                __bss_start = .

.bss            0x0000000000005010        0x8
 *(.dynbss)
 .dynbss        0x0000000000005010        0x0 /usr/lib/gcc/x86_64-linux-gnu/12/../../../x86_64-linux-gnu/Scrt1.o
 *(.bss .bss.* .gnu.linkonce.b.*)
 .bss           0x0000000000005010        0x0 /usr/lib/gcc/x86_64-linux-gnu/12/../../../x86_64-linux-gnu/Scrt1.o
 .bss           0x0000000000005010        0x0 /usr/lib/gcc/x86_64-linux-gnu/12/../../../x86_64-linux-gnu/crti.o
 .bss           0x0000000000005010        0x1 /usr/lib/gcc/x86_64-linux-gnu/12/crtbeginS.o
 .bss           0x0000000000005011        0x0 src/main.o
 .bss           0x0000000000005011        0x0 src/memory.o
 .bss           0x0000000000005011        0x0 src/data.o
 .bss           0x0000000000005011        0x0 src/stats.o
 .bss           0x0000000000005011        0x0 src/course1.o
 .bss           0x0000000000005011        0x0 /usr/lib/gcc/x86_64-linux-gnu/12/crtendS.o
 .bss           0x0000000000005011        0x0 /usr/lib/gcc/x86_64-linux-gnu/12/../../../x86_64-linux-gnu/crtn.o
 *(COMMON)
                0x0000000000005018                . = ALIGN ((. != 0x0)?0x8:0x1)
 *fill*         0x0000000000005011        0x7 

.lbss
 *(.dynlbss)
 *(.lbss .lbss.* .gnu.linkonce.lb.*)
 *(LARGE_COMMON)
                0x0000000000005018                . = ALIGN (0x8)
                0x0000000000005018                . = SEGMENT_START ("ldata-segment", .)

.lrodata
 *(.lrodata .lrodata.* .gnu.linkonce.lr.*)

.ldata          0x0000000000007018        0x0
 *(.ldata .ldata.* .gnu.linkonce.l.*)
                0x0000000000007018                . = ALIGN ((. != 0x0)?0x8:0x1)
                0x0000000000007018                . = ALIGN (0x8)
                0x0000000000005018                _end = .
                [!provide]                        PROVIDE (end = .)
                0x0000000000007018                . = DATA_SEGMENT_END (.)

.stab
 *(.stab)

.stabstr
 *(.stabstr)

.stab.excl
 *(.stab.excl)

.stab.exclstr
 *(.stab.exclstr)

.stab.index
 *(.stab.index)

.stab.indexstr
 *(.stab.indexstr)

.comment        0x0000000000000000       0x25
 *(.comment)
 .comment       0x0000000000000000       0x25 /usr/lib/gcc/x86_64-linux-gnu/12/crtbeginS.o
                                         0x26 (size before relaxing)
 .comment       0x0000000000000025       0x26 src/main.o
 .comment       0x0000000000000025       0x26 src/memory.o
 .comment       0x0000000000000025       0x26 src/data.o
 .comment       0x0000000000000025       0x26 src/stats.o
 .comment       0x0000000000000025       0x26 src/course1.o
 .comment       0x0000000000000025       0x26 /usr/lib/gcc/x86_64-linux-gnu/12/crtendS.o

.gnu.build.attributes
 *(.gnu.build.attributes .gnu.build.attributes.*)

.debug
 *(.debug)

.line
 *(.line)

.debug_srcinfo
 *(.debug_srcinfo)

.debug_sfnames
 *(.debug_sfnames)

.debug_aranges  0x0000000000000000       0xf0
 *(.debug_aranges)
 .debug_aranges
                0x0000000000000000       0x30 src/main.o
 .debug_aranges
                0x0000000000000030       0x30 src/memory.o
 .debug_aranges
                0x0000000000000060       0x30 src/data.o
 .debug_aranges
                0x0000000000000090       0x30 src/stats.o
 .debug_aranges
                0x00000000000000c0       0x30 src/course1.o

.debug_pubnames
 *(.debug_pubnames)

.debug_info     0x0000000000000000     0x10a9
 *(.debug_info .gnu.linkonce.wi.*)
 .debug_info    0x0000000000000000       0x9b src/main.o
 .debug_info    0x000000000000009b      0x538 src/memory.o
 .debug_info    0x00000000000005d3      0x273 src/data.o
 .debug_info    0x0000000000000846      0x2cb src/stats.o
 .debug_info    0x0000000000000b11      0x598 src/course1.o

.debug_abbrev   0x0000000000000000      0x534
 *(.debug_abbrev)
 .debug_abbrev  0x0000000000000000       0x56 src/main.o
 .debug_abbrev  0x0000000000000056      0x16a src/memory.o
 .debug_abbrev  0x00000000000001c0       0xeb src/data.o
 .debug_abbrev  0x00000000000002ab      0x129 src/stats.o
 .debug_abbrev  0x00000000000003d4      0x160 src/course1.o

.debug_line     0x0000000000000000      0x8d7
 *(.debug_line .debug_line.* .debug_line_end)
 .debug_line    0x0000000000000000       0x62 src/main.o
 .debug_line    0x0000000000000062      0x217 src/memory.o
 .debug_line    0x0000000000000279      0x177 src/data.o
 .debug_line    0x00000000000003f0      0x145 src/stats.o
 .debug_line    0x0000000000000535      0x3a2 src/course1.o

.debug_frame
 *(.debug_frame)

.debug_str      0x0000000000000000      0x2fd
 *(.debug_str)
 .debug_str     0x0000000000000000       0xf3 src/main.o
                                        0x11a (size before relaxing)
 .debug_str     0x00000000000000f3       0xda src/memory.o
                                        0x206 (size before relaxing)
 .debug_str     0x00000000000001cd       0x50 src/data.o
                                        0x1a0 (size before relaxing)
 .debug_str     0x000000000000021d       0x58 src/stats.o
                                        0x177 (size before relaxing)
 .debug_str     0x0000000000000275       0x88 src/course1.o
                                        0x259 (size before relaxing)

.debug_loc
 *(.debug_loc)

.debug_macinfo
 *(.debug_macinfo)

.debug_weaknames
 *(.debug_weaknames)

.debug_funcnames
 *(.debug_funcnames)

.debug_typenames
 *(.debug_typenames)

.debug_varnames
 *(.debug_varnames)

.debug_pubtypes
 *(.debug_pubtypes)

.debug_ranges
 *(.debug_ranges)

.debug_addr
 *(.debug_addr)

.debug_line_str
                0x0000000000000000      0x164
 *(.debug_line_str)
 .debug_line_str
                0x0000000000000000       0x76 src/main.o
                                         0xda (size before relaxing)
 .debug_line_str
                0x0000000000000076       0xa5 src/memory.o
                                        0x167 (size before relaxing)
 .debug_line_str
                0x000000000000011b       0x17 src/data.o
                                        0x11d (size before relaxing)
 .debug_line_str
                0x0000000000000132        0xc src/stats.o
                                         0xe1 (size before relaxing)
 .debug_line_str
                0x000000000000013e       0x26 src/course1.o
                                        0x180 (size before relaxing)

.debug_loclists
 *(.debug_loclists)

.debug_macro
 *(.debug_macro)

.debug_names
 *(.debug_names)

.debug_rnglists
 *(.debug_rnglists)

.debug_str_offsets
 *(.debug_str_offsets)

.debug_sup
 *(.debug_sup)

.gnu.attributes
 *(.gnu.attributes)

/DISCARD/
 *(.note.GNU-stack)
 *(.gnu_debuglink)
 *(.gnu.lto_*)
OUTPUT(course1.out elf64-x86-64)
